processed_at=2026-08-02T23:58:03.668441Z
source=eDM_KISTEP_SUMMIT_LSJ_v1.4_251203.png
target=eDM_KISTEP_SUMMIT_LSJ_v1.4_251203
source_dimensions=600x2493
source_mode=RGBA
visual_analysis=dark blue/green hero, partner strip, registration CTA, program, directions/map, transport CTA, participation banner CTA, partner logos, navy footer
split_method=full-width horizontal natural boundaries; CTA slices include 6-8 px vertical safety margin
cta_detected=3
cta_1=https://www.youtube.com/watch?v=pEBqtfWjYtI&list=RDpEBqtfWjYtI&start_radio=1
cta_2=https://www.youtube.com/watch?v=ZGShd2KHfRk&list=RDZGShd2KHfRk&start_radio=1
cta_3=https://www.youtube.com/watch?v=4zc4GyIQPco&list=RD4zc4GyIQPco&start_radio=1
raw_repository=YunseoLsj/edm-auto-site
raw_branch=main
source_sha256=1f51f93ab8928fa28ce881cbd53f9d180e8f231c101e5784a1a8a06e0e11f5e8
copy_sha256=1f51f93ab8928fa28ce881cbd53f9d180e8f231c101e5784a1a8a06e0e11f5e8
validation.source_copy_sha256_matches=true
validation.piece_files_exist=true
validation.piece_numbering_sequential=true
validation.reconstructed_dimensions_match=true
validation.reconstructed_pixels_identical=true
validation.local_html_image_paths_exist=true
validation.deployed_html_raw_urls_valid=true
validation.cta_assignment_matches_analysis=true
validation.html_has_no_absolute_local_file_base64_sources=true
validation.eml_reparse_valid=true
validation.summary_json_valid=true
